// Jest Snapshot v1, https://goo.gl/fbAQLP

exports[`App renders correctly 1`] = `
<div>
  <h2>
    Loot Check
  </h2>
</div>
`;
